version: "2"
linters:
  exclusions:
    presets:
      - comments
      - common-false-positives
      - legacy
