version: "2"
linters:
  exclusions:
    presets:
      - comments
      - legacy
      - std-error-handling
