version: "2"
linters:
  default: none
formatters:
  enable:
    - goimports
  exclusions:
    paths:
      - \.(generated\.deepcopy|pb)\.go$
