version: "2"
linters:
  exclusions:
    generated: lax
formatters:
  exclusions:
    generated: lax
