version: "2"
linters:
  default: all
formatters:
  enable:
    - gci
    - gofmt
    - gofumpt
    - goimports
