version: "2"
formatters:
  settings:
    gci:
      sections:
        - standard
        - default
        - prefix(github.com/org/project)
        - blank
        - dot
        - alias
        - localmodule
      no-inline-comments: true
      no-prefix-comments: true
      custom-order: true
      no-lex-order: true
