version: "2"
linters:
  settings:
    rowserrcheck:
      packages:
        - github.com/jmoiron/sqlx
