version: "2"
linters:
  settings:
    maintidx:
      under: 100
