version: "2"
linters:
  settings:
    unused:
      field-writes-are-uses: false
      post-statements-are-reads: true
      exported-fields-are-used: false
      parameters-are-used: false
      local-variables-are-used: false
      generated-is-used: false
