version: "2"
formatters:
  settings:
    gofmt:
      simplify: false
      rewrite-rules:
        - pattern: interface{}
          replacement: any
        - pattern: a[b:len(a)]
          replacement: a[b:]
