version: "2"
output:
  formats:
    junit-xml:
      path: stdout
      extended: true
