version: "2"
output:
  formats:
    text:
      path: stdout
      colors: false
