version: "2"
run:
  modules-download-mode: readonly
