version: "2"
run:
  allow-parallel-runners: true
  allow-serial-runners: true
