version: "2"
severity:
  default: error
  rules:
    - linters:
        - dupl
      severity: info
