version: "2"
linters:
  settings:
    usetesting:
      context-background: false
      context-todo: false
      os-chdir: false
      os-mkdir-temp: false
      os-setenv: false
      os-temp-dir: true
      os-create-temp: false
