version: "2"
linters:
  enable:
    - mycustomlinter1
    - mycustomlinter2
    - sqlclosecheck
    - staticcheck
    - tagalign
    - tagliatelle
    - testableexamples
    - testifylint
    - testpackage
    - thelper
    - tparallel
    - unconvert
    - unparam
    - usestdlibvars
    - usetesting
    - varnamelen
    - wastedassign
    - whitespace
    - wrapcheck
    - wsl
    - zerologlint
  disable:
    - asasalint
    - asciicheck
    - bidichk
    - bodyclose
    - canonicalheader
    - containedctx
    - contextcheck
    - copyloopvar
    - cyclop
    - decorder
    - depguard
    - dogsled
    - dupl
    - dupword
    - durationcheck
    - errcheck
    - govet
    - mnd
    - mycustomlinter3
    - mycustomlinter4
    - staticcheck
formatters:
  enable:
    - gofmt
