version: "2"
linters:
  settings:
    lll:
      line-length: 120
      tab-width: 1
