version: "2"
linters:
  settings:
    staticcheck:
      checks:
        - ST1000
        - ST1001
        - ST1003
        - ST1005
        - ST1006
        - ST1008
        - ST1011
        - ST1012
        - ST1013
        - ST1015
        - ST1016
        - ST1017
        - ST1018
        - ST1019
        - ST1020
        - ST1021
        - ST1022
        - ST1023
      initialisms:
        - ACL
        - API
        - ASCII
        - CPU
        - CSS
        - DNS
        - EOF
        - GUID
        - HTML
        - HTTP
        - HTTPS
        - ID
        - IP
        - JSON
        - QPS
        - RAM
        - RPC
        - SLA
        - SMTP
        - SQL
        - SSH
        - TCP
        - TLS
        - TTL
        - UDP
        - UI
        - GID
        - UID
        - UUID
        - URI
        - URL
        - UTF8
        - VM
        - XML
        - XMPP
        - XSRF
        - XSS
        - SIP
        - RTP
        - AMQP
        - DB
        - TS
      dot-import-whitelist:
        - fmt
      http-status-code-whitelist:
        - "200"
        - "400"
        - "404"
        - "500"
